js/ambient/ambient.js(49,17): error TS2339: Property 'Sketch' does not exist on type 'Window & typeof globalThis'.
js/ambient/ambient.js(52,22): error TS2339: Property 'Sketch' does not exist on type 'Window & typeof globalThis'.
js/ambient/ambient.js(93,7): error TS7034: Variable 'particles' implicitly has type 'any[]' in some locations where its type cannot be determined.
js/ambient/ambient.js(94,20): error TS7006: Parameter 'p' implicitly has an 'any' type.
js/ambient/ambient.js(126,19): error TS7005: Variable 'particles' implicitly has an 'any[]' type.
js/ambient/ambient.js(146,19): error TS7005: Variable 'particles' implicitly has an 'any[]' type.
js/ambient/loader.js(6,23): error TS7006: Parameter 'src' implicitly has an 'any' type.
js/ambient/loader.js(6,28): error TS7006: Parameter 'defer' implicitly has an 'any' type.
js/ambient/loader.js(18,20): error TS7006: Parameter 'href' implicitly has an 'any' type.
js/ambient/quantum_shader.js(12,20): error TS7006: Parameter 'n' implicitly has an 'any' type.
js/ambient/quantum_shader.js(24,24): error TS7006: Parameter 'n' implicitly has an 'any' type.
js/ambient/quantum_shader.js(25,41): error TS2532: Object is possibly 'undefined'.
js/ambient/quantum_shader.js(37,31): error TS2307: Cannot find module 'three' or its corresponding type declarations.
js/ambient/quantum_shader.js(40,16): error TS7006: Parameter 'value' implicitly has an 'any' type.
js/ambient/quantum_shader.js(40,23): error TS7006: Parameter 'min' implicitly has an 'any' type.
js/ambient/quantum_shader.js(40,28): error TS7006: Parameter 'max' implicitly has an 'any' type.
js/ambient/quantum_shader.js(44,23): error TS7006: Parameter 'container' implicitly has an 'any' type.
js/ambient/quantum_shader.js(44,34): error TS7006: Parameter 'surface' implicitly has an 'any' type.
js/ambient/quantum_shader.js(44,43): error TS7006: Parameter 'state' implicitly has an 'any' type.
js/ambient/quantum_shader.js(44,50): error TS7006: Parameter 'uniforms' implicitly has an 'any' type.
js/ambient/quantum_shader.js(44,60): error TS7006: Parameter 'onStateChange' implicitly has an 'any' type.
js/ambient/quantum_shader.js(47,25): error TS2339: Property 'tagName' does not exist on type 'EventTarget'.
js/ambient/quantum_shader.js(48,58): error TS2339: Property 'isContentEditable' does not exist on type 'EventTarget'.
js/ambient/quantum_shader.js(78,7): error TS7034: Variable 'pointerId' implicitly has type 'any' in some locations where its type cannot be determined.
js/ambient/quantum_shader.js(81,7): error TS7034: Variable 'cachedRect' implicitly has type 'any' in some locations where its type cannot be determined.
js/ambient/quantum_shader.js(84,33): error TS7006: Parameter 'pageX' implicitly has an 'any' type.
js/ambient/quantum_shader.js(84,40): error TS7006: Parameter 'pageY' implicitly has an 'any' type.
js/ambient/quantum_shader.js(85,16): error TS7005: Variable 'cachedRect' implicitly has an 'any' type.
js/ambient/quantum_shader.js(100,26): error TS7006: Parameter 'event' implicitly has an 'any' type.
js/ambient/quantum_shader.js(121,26): error TS7006: Parameter 'event' implicitly has an 'any' type.
js/ambient/quantum_shader.js(126,9): error TS7005: Variable 'pointerId' implicitly has an 'any' type.
js/ambient/quantum_shader.js(155,27): error TS7006: Parameter 'event' implicitly has an 'any' type.
js/ambient/quantum_shader.js(156,9): error TS7005: Variable 'pointerId' implicitly has an 'any' type.
js/ambient/quantum_shader.js(196,44): error TS7006: Parameter 'event' implicitly has an 'any' type.
js/ambient/quantum_shader.js(215,30): error TS7006: Parameter 'THREE' implicitly has an 'any' type.
js/ambient/quantum_shader.js(215,37): error TS7006: Parameter 'uniforms' implicitly has an 'any' type.
js/ambient/quantum_shader.js(339,23): error TS7006: Parameter 'THREE' implicitly has an 'any' type.
js/ambient/quantum_shader.js(339,30): error TS7006: Parameter 'container' implicitly has an 'any' type.
js/ambient/quantum_shader.js(352,33): error TS7006: Parameter 'THREE' implicitly has an 'any' type.
js/ambient/quantum_shader.js(366,22): error TS7006: Parameter 'THREE' implicitly has an 'any' type.
js/ambient/quantum_shader.js(366,29): error TS7006: Parameter 'uniforms' implicitly has an 'any' type.
js/ambient/quantum_shader.js(428,32): error TS7006: Parameter 'THREE' implicitly has an 'any' type.
js/ambient/quantum_shader.js(489,30): error TS7006: Parameter 'container' implicitly has an 'any' type.
js/ambient/quantum_shader.js(498,23): error TS18047: 'ctx' is possibly 'null'.
js/ambient/quantum_shader.js(507,5): error TS18047: 'ctx' is possibly 'null'.
js/ambient/quantum_shader.js(575,23): error TS7006: Parameter 'now' implicitly has an 'any' type.
js/ambient/sketch.js(2,8): error TS2339: Property 'Sketch' does not exist on type 'Window & typeof globalThis'.
js/ambient/sketch.js(3,22): error TS7006: Parameter 'window' implicitly has an 'any' type.
js/ambient/sketch.js(3,30): error TS7006: Parameter 'document' implicitly has an 'any' type.
js/ambient/sketch.js(12,9): error TS7034: Variable 'instances' implicitly has type 'any[]' in some locations where its type cannot be determined.
js/ambient/sketch.js(36,20): error TS7006: Parameter 'o' implicitly has an 'any' type.
js/ambient/sketch.js(39,23): error TS7006: Parameter 'o' implicitly has an 'any' type.
js/ambient/sketch.js(42,21): error TS7006: Parameter 'o' implicitly has an 'any' type.
js/ambient/sketch.js(45,21): error TS7006: Parameter 'o' implicitly has an 'any' type.
js/ambient/sketch.js(48,20): error TS7006: Parameter 'code' implicitly has an 'any' type.
js/ambient/sketch.js(49,12): error TS7053: Element implicitly has an 'any' type because expression of type 'any' can't be used to index type '{ 8: string; 9: string; 13: string; 16: string; 27: string; 32: string; 37: string; 38: string; 39: string; 40: string; }'.
js/ambient/sketch.js(51,19): error TS7006: Parameter 't' implicitly has an 'any' type.
js/ambient/sketch.js(51,22): error TS7006: Parameter 's' implicitly has an 'any' type.
js/ambient/sketch.js(51,25): error TS7006: Parameter 'o' implicitly has an 'any' type.
js/ambient/sketch.js(59,18): error TS7006: Parameter 'm' implicitly has an 'any' type.
js/ambient/sketch.js(59,21): error TS7006: Parameter 'c' implicitly has an 'any' type.
js/ambient/sketch.js(64,18): error TS7006: Parameter 't' implicitly has an 'any' type.
js/ambient/sketch.js(67,7): error TS7053: Element implicitly has an 'any' type because expression of type 'string' can't be used to index type '{}'.
  No index signature with a parameter of type 'string' was found on type '{}'.
js/ambient/sketch.js(71,17): error TS7006: Parameter 'context' implicitly has an 'any' type.
js/ambient/sketch.js(72,9): error TS7034: Variable 'request' implicitly has type 'any' in some locations where its type cannot be determined.
js/ambient/sketch.js(73,7): error TS7034: Variable 'handler' implicitly has type 'any' in some locations where its type cannot be determined.
js/ambient/sketch.js(74,7): error TS7034: Variable 'target' implicitly has type 'any' in some locations where its type cannot be determined.
js/ambient/sketch.js(90,11): error TS7034: Variable 'touches' implicitly has type 'any[]' in some locations where its type cannot be determined.
js/ambient/sketch.js(127,7): error TS7053: Element implicitly has an 'any' type because expression of type 'any' can't be used to index type '{}'.
js/ambient/sketch.js(127,12): error TS7053: Element implicitly has an 'any' type because expression of type 'string' can't be used to index type '{ 8: string; 9: string; 13: string; 16: string; 27: string; 32: string; 37: string; 38: string; 39: string; 40: string; }'.
  No index signature with a parameter of type 'string' was found on type '{ 8: string; 9: string; 13: string; 16: string; 27: string; 32: string; 37: string; 38: string; 39: string; 40: string; }'.
js/ambient/sketch.js(129,22): error TS7006: Parameter 'm' implicitly has an 'any' type.
js/ambient/sketch.js(131,36): error TS2555: Expected at least 3 arguments, but got 2.
js/ambient/sketch.js(134,19): error TS7006: Parameter 'on' implicitly has an 'any' type.
js/ambient/sketch.js(138,11): error TS7005: Variable 'target' implicitly has an 'any' type.
js/ambient/sketch.js(139,13): error TS7005: Variable 'target' implicitly has an 'any' type.
js/ambient/sketch.js(141,13): error TS7005: Variable 'handler' implicitly has an 'any' type.
js/ambient/sketch.js(152,7): error TS7005: Variable 'cAF' implicitly has an 'any' type.
js/ambient/sketch.js(152,11): error TS7005: Variable 'request' implicitly has an 'any' type.
js/ambient/sketch.js(153,17): error TS7005: Variable 'rAF' implicitly has an 'any' type.
js/ambient/sketch.js(222,20): error TS7006: Parameter 't' implicitly has an 'any' type.
js/ambient/sketch.js(222,23): error TS7006: Parameter '_tgt' implicitly has an 'any' type.
js/ambient/sketch.js(228,22): error TS7006: Parameter 't' implicitly has an 'any' type.
js/ambient/sketch.js(228,25): error TS7006: Parameter 'tgt' implicitly has an 'any' type.
js/ambient/sketch.js(239,22): error TS7006: Parameter 'e' implicitly has an 'any' type.
js/ambient/sketch.js(242,12): error TS2339: Property 'originalEvent' does not exist on type '{}'.
js/ambient/sketch.js(243,16): error TS2339: Property 'touches' does not exist on type '{}'.
js/ambient/sketch.js(244,31): error TS2339: Property 'touches' does not exist on type '{}'.
js/ambient/sketch.js(245,38): error TS2339: Property 'touches' does not exist on type '{}'.
js/ambient/sketch.js(246,41): error TS2339: Property 'touches' does not exist on type '{}'.
js/ambient/sketch.js(246,57): error TS7005: Variable 'touches' implicitly has an 'any[]' type.
js/ambient/sketch.js(252,21): error TS7005: Variable 'touches' implicitly has an 'any[]' type.
js/ambient/sketch.js(259,9): error TS7053: Element implicitly has an 'any' type because expression of type 'any' can't be used to index type '{}'.
js/ambient/sketch.js(263,22): error TS7006: Parameter 'e' implicitly has an 'any' type.
js/ambient/sketch.js(266,19): error TS7053: Element implicitly has an 'any' type because expression of type 'any' can't be used to index type '{}'.
js/ambient/sketch.js(277,47): error TS2554: Expected 0-1 arguments, but got 2.
js/ambient/sketch.js(279,49): error TS2554: Expected 0-1 arguments, but got 2.
js/ambient/sketch.js(283,23): error TS7006: Parameter 'e' implicitly has an 'any' type.
js/ambient/sketch.js(287,7): error TS7053: Element implicitly has an 'any' type because expression of type 'any' can't be used to index type '{}'.
js/ambient/sketch.js(288,7): error TS7053: Element implicitly has an 'any' type because expression of type 'any' can't be used to index type '{}'.
js/ambient/sketch.js(289,32): error TS2554: Expected 0-1 arguments, but got 2.
js/ambient/sketch.js(291,21): error TS7006: Parameter 'e' implicitly has an 'any' type.
js/ambient/sketch.js(295,32): error TS2554: Expected 0-1 arguments, but got 2.
js/ambient/sketch.js(314,15): error TS7005: Variable 'instances' implicitly has an 'any[]' type.
js/ambient/sketch.js(319,9): error TS7005: Variable 'instances' implicitly has an 'any[]' type.
js/ambient/sketch.js(325,16): error TS7005: Variable 'touches' implicitly has an 'any[]' type.
js/ambient/sketch.js(353,16): error TS7005: Variable 'instances' implicitly has an 'any[]' type.
js/ambient/sketch.js(354,24): error TS7006: Parameter 'context' implicitly has an 'any' type.
js/ambient/sketch.js(361,27): error TS7053: Element implicitly has an 'any' type because expression of type 'string' can't be used to index type 'Math'.
  No index signature with a parameter of type 'string' was found on type 'Math'.
js/ambient/sketch.js(367,29): error TS7006: Parameter 'min' implicitly has an 'any' type.
js/ambient/sketch.js(367,34): error TS7006: Parameter 'max' implicitly has an 'any' type.
js/ambient/sketch.js(377,27): error TS7006: Parameter 'min' implicitly has an 'any' type.
js/ambient/sketch.js(377,32): error TS7006: Parameter 'max' implicitly has an 'any' type.
js/ambient/sketch.js(377,37): error TS7006: Parameter 'a' implicitly has an 'any' type.
js/ambient/sketch.js(380,26): error TS7006: Parameter 'num' implicitly has an 'any' type.
js/ambient/sketch.js(380,31): error TS7006: Parameter 'minA' implicitly has an 'any' type.
js/ambient/sketch.js(380,37): error TS7006: Parameter 'maxA' implicitly has an 'any' type.
js/ambient/sketch.js(380,43): error TS7006: Parameter 'minB' implicitly has an 'any' type.
js/ambient/sketch.js(380,49): error TS7006: Parameter 'maxB' implicitly has an 'any' type.
js/ambient/sketch.js(387,23): error TS7006: Parameter 'options' implicitly has an 'any' type.
js/ambient/sketch.js(415,24): error TS7006: Parameter 'context' implicitly has an 'any' type.
js/ambient/sketch.js(415,33): error TS7006: Parameter 'options' implicitly has an 'any' type.
js/ambient/sketch.js(430,7): error TS7034: Variable 'rAF' implicitly has type 'any' in some locations where its type cannot be determined.
js/ambient/sketch.js(431,7): error TS7034: Variable 'cAF' implicitly has type 'any' in some locations where its type cannot be determined.
js/ambient/sketch.js(441,21): error TS7006: Parameter 'cb' implicitly has an 'any' type.
js/ambient/sketch.js(452,21): error TS7006: Parameter 'id' implicitly has an 'any' type.
js/commands/due.js(15,22): error TS2339: Property 'Chart' does not exist on type 'Window & typeof globalThis'.
js/commands/due.js(17,5): error TS7034: Variable 'futureChart' implicitly has type 'any' in some locations where its type cannot be determined.
js/commands/due.js(21,7): error TS7005: Variable 'futureChart' implicitly has an 'any' type.
js/commands/due.js(29,26): error TS2551: Property 'customStatsData' does not exist on type 'Window & typeof globalThis'. Did you mean 'CustomStateSet'?
js/commands/due.js(48,23): error TS7006: Parameter 'e' implicitly has an 'any' type.
js/commands/due.js(54,11): error TS7053: Element implicitly has an 'any' type because expression of type 'string' can't be used to index type '{}'.
  No index signature with a parameter of type 'string' was found on type '{}'.
js/commands/due.js(76,9): error TS7053: Element implicitly has an 'any' type because expression of type 'string' can't be used to index type '{}'.
  No index signature with a parameter of type 'string' was found on type '{}'.
js/commands/due.js(87,3): error TS7006: Parameter 'data' implicitly has an 'any' type.
js/commands/due.js(101,7): error TS7005: Variable 'futureChart' implicitly has an 'any' type.
js/commands/due.js(115,45): error TS7006: Parameter 'e' implicitly has an 'any' type.
js/commands/due.js(170,45): error TS2339: Property 'kind' does not exist on type 'never'.
js/commands/due.js(194,17): error TS18047: 'iterDate' is possibly 'null'.
js/commands/due.js(195,17): error TS18047: 'iterDate' is possibly 'null'.
js/commands/due.js(198,22): error TS18047: 'iterDate' is possibly 'null'.
js/commands/due.js(199,7): error TS18047: 'tooltipTitles' is possibly 'null'.
js/commands/due.js(200,7): error TS18047: 'iterDate' is possibly 'null'.
js/commands/due.js(200,24): error TS18047: 'iterDate' is possibly 'null'.
js/commands/due.js(206,9): error TS7034: Variable 'datasets' implicitly has type 'any[]' in some locations where its type cannot be determined.
js/commands/due.js(214,16): error TS2551: Property 'customStatsData' does not exist on type 'Window & typeof globalThis'. Did you mean 'CustomStateSet'?
js/commands/due.js(228,11): error TS7053: Element implicitly has an 'any' type because expression of type 'any' can't be used to index type '{}'.
js/commands/due.js(233,23): error TS7053: Element implicitly has an 'any' type because expression of type 'number' can't be used to index type '{}'.
  No index signature with a parameter of type 'number' was found on type '{}'.
js/commands/due.js(281,9): error TS7005: Variable 'datasets' implicitly has an 'any[]' type.
js/commands/due.js(285,9): error TS2345: Argument of type 'any[] | null' is not assignable to parameter of type 'null | undefined'.
  Type 'any[]' is not assignable to type 'null | undefined'.
js/commands/due.js(296,7): error TS7053: Element implicitly has an 'any' type because expression of type 'any' can't be used to index type '{}'.
js/commands/due.js(297,7): error TS7053: Element implicitly has an 'any' type because expression of type 'any' can't be used to index type '{}'.
js/commands/due.js(303,26): error TS7053: Element implicitly has an 'any' type because expression of type 'number' can't be used to index type '{}'.
  No index signature with a parameter of type 'number' was found on type '{}'.
js/commands/due.js(304,25): error TS7053: Element implicitly has an 'any' type because expression of type 'number' can't be used to index type '{}'.
  No index signature with a parameter of type 'number' was found on type '{}'.
js/commands/due.js(363,7): error TS2345: Argument of type 'any[] | null' is not assignable to parameter of type 'null | undefined'.
  Type 'any[]' is not assignable to type 'null | undefined'.
js/commands/due.js(369,3): error TS7006: Parameter 'canvas' implicitly has an 'any' type.
js/commands/due.js(370,3): error TS7006: Parameter 'labels' implicitly has an 'any' type.
js/commands/due.js(371,3): error TS7006: Parameter 'datasets' implicitly has an 'any' type.
js/commands/due.js(372,3): error TS7006: Parameter 'legend' implicitly has an 'any' type.
js/commands/due.js(373,3): error TS7006: Parameter 'section' implicitly has an 'any' type.
js/commands/due.js(374,3): error TS7006: Parameter 'byDeck' implicitly has an 'any' type.
js/commands/due.js(415,23): error TS7006: Parameter 'items' implicitly has an 'any' type.
js/commands/due.js(425,23): error TS7006: Parameter 'context' implicitly has an 'any' type.
js/commands/due.js(442,56): error TS18046: 'error' is of type 'unknown'.
js/commands/due.js(445,37): error TS18046: 'error' is of type 'unknown'.
js/commands/due.js(462,15): error TS2551: Property 'customStatsData' does not exist on type 'Window & typeof globalThis'. Did you mean 'CustomStateSet'?
js/commands/due.js(462,42): error TS2551: Property 'customStatsData' does not exist on type 'Window & typeof globalThis'. Did you mean 'CustomStateSet'?
js/commands/due.js(473,53): error TS2345: Argument of type 'number | null | undefined' is not assignable to parameter of type 'null | undefined'.
  Type 'number' is not assignable to type 'null | undefined'.
js/commands/handler.js(24,5): error TS7034: Variable 'currentChart' implicitly has type 'any' in some locations where its type cannot be determined.
js/commands/handler.js(81,3): error TS7006: Parameter 'chartType' implicitly has an 'any' type.
js/commands/handler.js(82,3): error TS7006: Parameter 'isTime' implicitly has an 'any' type.
js/commands/handler.js(83,3): error TS7006: Parameter 'isDeck' implicitly has an 'any' type.
js/commands/handler.js(84,3): error TS7006: Parameter 'isCumulative' implicitly has an 'any' type.
js/commands/handler.js(85,3): error TS7006: Parameter 'appendLine' implicitly has an 'any' type.
js/commands/handler.js(86,3): error TS7006: Parameter 'rangeOverride' implicitly has an 'any' type.
js/commands/handler.js(118,34): error TS7006: Parameter 'normalized' implicitly has an 'any' type.
js/commands/handler.js(118,46): error TS7006: Parameter 'appendLine' implicitly has an 'any' type.
js/commands/handler.js(126,7): error TS7005: Variable 'currentChart' implicitly has an 'any' type.
js/commands/handler.js(138,14): error TS7005: Variable 'currentChart' implicitly has an 'any' type.
js/commands/handler.js(147,14): error TS7005: Variable 'currentChart' implicitly has an 'any' type.
js/commands/handler.js(155,30): error TS7006: Parameter 'normalized' implicitly has an 'any' type.
js/commands/handler.js(155,42): error TS7006: Parameter 'appendLine' implicitly has an 'any' type.
js/commands/handler.js(208,7): error TS7053: Element implicitly has an 'any' type because expression of type 'any' can't be used to index type '{ pd: { chart: string; deck: boolean; }; pr: { chart: string; time: boolean; deck: boolean; cum: boolean; }; prd: { chart: string; time: boolean; deck: boolean; cum: boolean; }; prt: { chart: string; time: boolean; deck: boolean; cum: boolean; }; ... 5 more ...; prdtc: { ...; }; }'.
js/commands/handler.js(209,15): error TS7053: Element implicitly has an 'any' type because expression of type 'any' can't be used to index type '{ pd: { chart: string; deck: boolean; }; pr: { chart: string; time: boolean; deck: boolean; cum: boolean; }; prd: { chart: string; time: boolean; deck: boolean; cum: boolean; }; prt: { chart: string; time: boolean; deck: boolean; cum: boolean; }; ... 5 more ...; prdtc: { ...; }; }'.
js/commands/handler.js(224,7): error TS18048: 'res' is possibly 'undefined'.
js/commands/handler.js(243,7): error TS7053: Element implicitly has an 'any' type because expression of type 'any' can't be used to index type '{ d: { chart: string; deck: boolean; }; dd: { chart: string; deck: boolean; }; r: { chart: string; time: boolean; deck: boolean; cum: boolean; }; rd: { chart: string; time: boolean; deck: boolean; cum: boolean; }; rc: { ...; }; ... 4 more ...; rtd: { ...; }; }'.
js/commands/handler.js(244,15): error TS7053: Element implicitly has an 'any' type because expression of type 'any' can't be used to index type '{ d: { chart: string; deck: boolean; }; dd: { chart: string; deck: boolean; }; r: { chart: string; time: boolean; deck: boolean; cum: boolean; }; rd: { chart: string; time: boolean; deck: boolean; cum: boolean; }; rc: { ...; }; ... 4 more ...; rtd: { ...; }; }'.
js/commands/handler.js(254,9): error TS7005: Variable 'currentChart' implicitly has an 'any' type.
js/commands/handler.js(271,9): error TS7005: Variable 'currentChart' implicitly has an 'any' type.
js/commands/handler.js(288,9): error TS7005: Variable 'currentChart' implicitly has an 'any' type.
js/commands/handler.js(299,16): error TS7005: Variable 'currentChart' implicitly has an 'any' type.
js/commands/handler.js(301,16): error TS7005: Variable 'currentChart' implicitly has an 'any' type.
js/commands/handler.js(311,28): error TS7006: Parameter 'normalized' implicitly has an 'any' type.
js/commands/handler.js(311,40): error TS7006: Parameter 'activeTimeRange' implicitly has an 'any' type.
js/commands/handler.js(311,57): error TS7006: Parameter 'appendLine' implicitly has an 'any' type.
js/commands/handler.js(336,7): error TS18048: 'res' is possibly 'undefined'.
js/commands/handler.js(347,7): error TS18048: 'res' is possibly 'undefined'.
js/commands/handler.js(358,7): error TS18048: 'res' is possibly 'undefined'.
js/commands/handler.js(369,7): error TS18048: 'res' is possibly 'undefined'.
js/commands/handler.js(383,7): error TS18048: 'res' is possibly 'undefined'.
js/commands/handler.js(394,7): error TS18048: 'res' is possibly 'undefined'.
js/commands/handler.js(405,7): error TS18048: 'res' is possibly 'undefined'.
js/commands/handler.js(416,7): error TS18048: 'res' is possibly 'undefined'.
js/commands/handler.js(430,7): error TS18048: 'res' is possibly 'undefined'.
js/commands/handler.js(441,7): error TS18048: 'res' is possibly 'undefined'.
js/commands/handler.js(452,7): error TS18048: 'res' is possibly 'undefined'.
js/commands/handler.js(459,30): error TS7006: Parameter 'normalized' implicitly has an 'any' type.
js/commands/handler.js(459,42): error TS7006: Parameter 'activeTimeRange' implicitly has an 'any' type.
js/commands/handler.js(459,59): error TS7006: Parameter 'appendLine' implicitly has an 'any' type.
js/commands/handler.js(687,31): error TS7006: Parameter 'input' implicitly has an 'any' type.
js/commands/handler.js(687,38): error TS7006: Parameter 'appendLine' implicitly has an 'any' type.
js/commands/handler.js(713,40): error TS2339: Property 'isPartial' does not exist on type '{ valid: boolean; suggestions: string[]; }'.
js/commands/handler.js(751,26): error TS7006: Parameter 'appendLine' implicitly has an 'any' type.
js/commands/handler.js(802,28): error TS7006: Parameter 'appendLine' implicitly has an 'any' type.
js/commands/handler.js(839,10): error TS7005: Variable 'currentChart' implicitly has an 'any' type.
js/commands/legendToggle.js(31,12): error TS2304: Cannot find name 'Chart'.
js/commands/legendToggle.js(46,32): error TS7006: Parameter 'dataset' implicitly has an 'any' type.
js/commands/legendToggle.js(46,41): error TS7006: Parameter 'index' implicitly has an 'any' type.
js/commands/legendToggle.js(56,25): error TS2339: Property 'dataset' does not exist on type 'Element'.
js/commands/legendToggle.js(75,35): error TS2339: Property 'dataset' does not exist on type 'Element'.
js/commands/legendToggle.js(98,13): error TS2339: Property 'key' does not exist on type 'Event'.
js/commands/legendToggle.js(98,34): error TS2339: Property 'key' does not exist on type 'Event'.
js/commands/retention.js(10,22): error TS2339: Property 'Chart' does not exist on type 'Window & typeof globalThis'.
js/commands/retention.js(12,5): error TS7034: Variable 'retentionChart' implicitly has type 'any' in some locations where its type cannot be determined.
js/commands/retention.js(15,7): error TS7005: Variable 'retentionChart' implicitly has an 'any' type.
js/commands/retention.js(21,38): error TS7006: Parameter 'data' implicitly has an 'any' type.
js/commands/retention.js(74,22): error TS2339: Property 'getContext' does not exist on type 'HTMLElement'.
js/commands/retention.js(119,26): error TS7006: Parameter 'value' implicitly has an 'any' type.
js/commands/retention.js(138,23): error TS7006: Parameter 'items' implicitly has an 'any' type.
js/commands/retention.js(145,23): error TS7006: Parameter 'ctx' implicitly has an 'any' type.
js/commands/retention.js(156,56): error TS18046: 'error' is of type 'unknown'.
js/commands/retention.js(159,37): error TS18046: 'error' is of type 'unknown'.
js/commands/retention.js(175,13): error TS2339: Property 'reviewStatsData' does not exist on type 'Window & typeof globalThis'.
js/commands/retention.js(176,27): error TS2339: Property 'reviewStatsData' does not exist on type 'Window & typeof globalThis'.
js/commands/reviews.js(13,22): error TS2339: Property 'Chart' does not exist on type 'Window & typeof globalThis'.
js/commands/reviews.js(15,5): error TS7034: Variable 'reviewsChart' implicitly has type 'any' in some locations where its type cannot be determined.
js/commands/reviews.js(18,7): error TS7005: Variable 'reviewsChart' implicitly has an 'any' type.
js/commands/reviews.js(28,30): error TS7006: Parameter 'entries' implicitly has an 'any' type.
js/commands/reviews.js(28,39): error TS7006: Parameter 'spec' implicitly has an 'any' type.
js/commands/reviews.js(46,29): error TS7006: Parameter 'entries' implicitly has an 'any' type.
js/commands/reviews.js(46,38): error TS7006: Parameter 'rangeKey' implicitly has an 'any' type.
js/commands/reviews.js(61,26): error TS2339: Property 'reviewStatsData' does not exist on type 'Window & typeof globalThis'.
js/commands/reviews.js(87,28): error TS7006: Parameter 'entry' implicitly has an 'any' type.
js/commands/reviews.js(94,7): error TS7053: Element implicitly has an 'any' type because expression of type 'string' can't be used to index type '{}'.
  No index signature with a parameter of type 'string' was found on type '{}'.
js/commands/reviews.js(130,7): error TS7053: Element implicitly has an 'any' type because expression of type 'string' can't be used to index type '{}'.
  No index signature with a parameter of type 'string' was found on type '{}'.
js/commands/reviews.js(194,30): error TS7006: Parameter 'index' implicitly has an 'any' type.
js/commands/reviews.js(198,35): error TS7006: Parameter 'byDeckData' implicitly has an 'any' type.
js/commands/reviews.js(198,47): error TS7006: Parameter 'showTime' implicitly has an 'any' type.
js/commands/reviews.js(215,10): error TS7053: Element implicitly has an 'any' type because expression of type 'string' can't be used to index type '{}'.
  No index signature with a parameter of type 'string' was found on type '{}'.
js/commands/reviews.js(216,7): error TS7053: Element implicitly has an 'any' type because expression of type 'string' can't be used to index type '{}'.
  No index signature with a parameter of type 'string' was found on type '{}'.
js/commands/reviews.js(222,5): error TS7053: Element implicitly has an 'any' type because expression of type 'string' can't be used to index type '{}'.
  No index signature with a parameter of type 'string' was found on type '{}'.
js/commands/reviews.js(223,5): error TS7053: Element implicitly has an 'any' type because expression of type 'string' can't be used to index type '{}'.
  No index signature with a parameter of type 'string' was found on type '{}'.
js/commands/reviews.js(231,15): error TS7053: Element implicitly has an 'any' type because expression of type 'string' can't be used to index type '{}'.
  No index signature with a parameter of type 'string' was found on type '{}'.
js/commands/reviews.js(231,33): error TS7053: Element implicitly has an 'any' type because expression of type 'string' can't be used to index type '{}'.
  No index signature with a parameter of type 'string' was found on type '{}'.
js/commands/reviews.js(238,19): error TS7053: Element implicitly has an 'any' type because expression of type 'string' can't be used to index type '{}'.
  No index signature with a parameter of type 'string' was found on type '{}'.
js/commands/reviews.js(240,26): error TS7006: Parameter 'a' implicitly has an 'any' type.
js/commands/reviews.js(240,29): error TS7006: Parameter 'b' implicitly has an 'any' type.
js/commands/reviews.js(258,37): error TS7006: Parameter 'groupIndex' implicitly has an 'any' type.
js/commands/reviews.js(258,49): error TS7006: Parameter 'subIndex' implicitly has an 'any' type.
js/commands/reviews.js(258,59): error TS7006: Parameter 'totalInGroup' implicitly has an 'any' type.
js/commands/reviews.js(296,3): error TS7006: Parameter 'data' implicitly has an 'any' type.
js/commands/reviews.js(310,7): error TS7005: Variable 'reviewsChart' implicitly has an 'any' type.
js/commands/reviews.js(337,22): error TS2339: Property 'getContext' does not exist on type 'HTMLElement'.
js/commands/reviews.js(729,23): error TS7006: Parameter 'items' implicitly has an 'any' type.
js/commands/reviews.js(736,23): error TS7006: Parameter 'ctx' implicitly has an 'any' type.
js/commands/reviews.js(755,56): error TS18046: 'error' is of type 'unknown'.
js/commands/reviews.js(758,37): error TS18046: 'error' is of type 'unknown'.
js/commands/reviews.js(779,13): error TS2339: Property 'reviewStatsData' does not exist on type 'Window & typeof globalThis'.
js/commands/reviews.js(780,27): error TS2339: Property 'reviewStatsData' does not exist on type 'Window & typeof globalThis'.
js/commands/zoom.js(26,22): error TS2322: Type 'HTMLElement | null' is not assignable to type 'Element'.
  Type 'null' is not assignable to type 'Element'.
js/commands/zoom.js(61,24): error TS7006: Parameter 'terminal' implicitly has an 'any' type.
js/commands/zoom.js(61,34): error TS7006: Parameter 'chart' implicitly has an 'any' type.
js/commands/zoom.js(61,41): error TS7006: Parameter 'terminalOutput' implicitly has an 'any' type.
js/commands/zoom.js(73,22): error TS2304: Cannot find name 'gsap'.
js/commands/zoom.js(79,9): error TS2810: Expected 1 argument, but got 0. 'new Promise()' needs a JSDoc hint to produce a 'resolve' that can be called without arguments.
js/commands/zoom.js(113,25): error TS7006: Parameter 'terminal' implicitly has an 'any' type.
js/commands/zoom.js(113,35): error TS7006: Parameter 'chart' implicitly has an 'any' type.
js/commands/zoom.js(113,42): error TS7006: Parameter 'terminalOutput' implicitly has an 'any' type.
js/commands/zoom.js(118,22): error TS2304: Cannot find name 'gsap'.
js/commands/zoom.js(125,9): error TS2304: Cannot find name 'gsap'.
js/commands/zoom.js(127,11): error TS2304: Cannot find name 'gsap'.
js/commands/zoom.js(129,9): error TS2810: Expected 1 argument, but got 0. 'new Promise()' needs a JSDoc hint to produce a 'resolve' that can be called without arguments.
js/config.js(9,36): error TS7006: Parameter 'pathname' implicitly has an 'any' type.
js/config.js(18,28): error TS7006: Parameter 'location' implicitly has an 'any' type.
js/config.js(180,38): error TS7006: Parameter 'ticker' implicitly has an 'any' type.
js/config.js(188,20): error TS7053: Element implicitly has an 'any' type because expression of type 'string' can't be used to index type '{ VT: string; VTI: string; VOO: string; VTSAX: string; VYM: string; VEA: string; VWO: string; VDC: string; ICLN: string; REK: string; IGV: string; VGT: string; IHF: string; XLK: string; XLF: string; PSQ: string; ... 40 more ...; VGSNX: string; }'.
  No index signature with a parameter of type 'string' was found on type '{ VT: string; VTI: string; VOO: string; VTSAX: string; VYM: string; VEA: string; VWO: string; VDC: string; ICLN: string; REK: string; IGV: string; VGT: string; IHF: string; XLK: string; XLF: string; PSQ: string; ... 40 more ...; VGSNX: string; }'.
js/config/assetClasses.js(61,3): error TS1117: An object literal cannot have multiple properties with the same name.
js/config/assetClasses.js(71,36): error TS7006: Parameter 'ticker' implicitly has an 'any' type.
js/config/assetClasses.js(79,7): error TS7053: Element implicitly has an 'any' type because expression of type 'string' can't be used to index type '{ VT: string; VTI: string; VOO: string; VTSAX: string; VYM: string; VEA: string; VWO: string; VDC: string; ICLN: string; REK: string; IGV: string; VGT: string; IHF: string; XLK: string; XLF: string; PSQ: string; ... 40 more ...; VGSNX: string; }'.
  No index signature with a parameter of type 'string' was found on type '{ VT: string; VTI: string; VOO: string; VTSAX: string; VYM: string; VEA: string; VWO: string; VDC: string; ICLN: string; REK: string; IGV: string; VGT: string; IHF: string; XLK: string; XLF: string; PSQ: string; ... 40 more ...; VGSNX: string; }'.
js/cursor-init.js(6,15): error TS2339: Property 'gsap' does not exist on type 'Window & typeof globalThis'.
js/cursor-init.js(17,10): error TS2339: Property 'cursorInstances' does not exist on type 'Window & typeof globalThis'.
js/graph/graph.js(1,24): error TS2307: Cannot find module 'three' or its corresponding type declarations.
js/graph/graph.js(2,31): error TS2307: Cannot find module 'three/examples/jsm/controls/OrbitControls.js' or its corresponding type declarations.
js/graph/graph.js(19,5): error TS7034: Variable 'historyData' implicitly has type 'any' in some locations where its type cannot be determined.
js/graph/graph.js(76,3): error TS18047: 'loading' is possibly 'null'.
js/graph/graph.js(82,23): error TS18046: 'e' is of type 'unknown'.
js/graph/graph.js(85,3): error TS18047: 'loading' is possibly 'null'.
js/graph/graph.js(114,27): error TS7006: Parameter 'hslaStr' implicitly has an 'any' type.
js/graph/graph.js(127,21): error TS7006: Parameter 'n' implicitly has an 'any' type.
js/graph/graph.js(128,3): error TS7053: Element implicitly has an 'any' type because expression of type 'any' can't be used to index type '{}'.
js/graph/graph.js(128,26): error TS7053: Element implicitly has an 'any' type because expression of type 'any' can't be used to index type '{}'.
js/graph/graph.js(133,13): error TS7053: Element implicitly has an 'any' type because expression of type 'string' can't be used to index type '{}'.
  No index signature with a parameter of type 'string' was found on type '{}'.
js/graph/graph.js(133,30): error TS7053: Element implicitly has an 'any' type because expression of type 'string' can't be used to index type '{}'.
  No index signature with a parameter of type 'string' was found on type '{}'.
js/graph/graph.js(143,23): error TS7006: Parameter 'l' implicitly has an 'any' type.
js/graph/graph.js(160,28): error TS2339: Property 'path' does not exist on type '{ enabled: boolean; }'.
js/graph/graph.js(163,6): error TS7006: Parameter 'texture' implicitly has an 'any' type.
js/graph/graph.js(169,6): error TS7006: Parameter 'err' implicitly has an 'any' type.
js/graph/graph.js(210,21): error TS7006: Parameter 'n' implicitly has an 'any' type.
js/graph/graph.js(223,21): error TS7006: Parameter 'node' implicitly has an 'any' type.
js/graph/graph.js(223,27): error TS7006: Parameter 'i' implicitly has an 'any' type.
js/graph/graph.js(249,21): error TS7006: Parameter 'n' implicitly has an 'any' type.
js/graph/graph.js(443,22): error TS7006: Parameter 'id' implicitly has an 'any' type.
js/graph/graph.js(443,26): error TS7006: Parameter 'parent' implicitly has an 'any' type.
js/graph/graph.js(443,34): error TS7006: Parameter 'beforeEl' implicitly has an 'any' type.
js/graph/graph.js(452,8): error TS7005: Variable 'historyData' implicitly has an 'any' type.
js/graph/graph.js(453,24): error TS18047: 'slider' is possibly 'null'.
js/graph/graph.js(453,31): error TS2339: Property 'value' does not exist on type 'HTMLElement'.
js/graph/graph.js(457,26): error TS18047: 'slider' is possibly 'null'.
js/graph/graph.js(457,33): error TS2339: Property 'max' does not exist on type 'HTMLElement'.
js/graph/graph.js(483,29): error TS18047: 'slider' is possibly 'null'.
js/graph/graph.js(486,33): error TS18047: 'slider' is possibly 'null'.
js/graph/graph.js(489,3): error TS2322: Type 'number' is not assignable to type 'string'.
js/graph/graph.js(490,3): error TS18047: 'dateDisplay' is possibly 'null'.
js/graph/graph.js(595,3): error TS18047: 'slider' is possibly 'null'.
js/graph/graph.js(595,10): error TS2339: Property 'max' does not exist on type 'HTMLElement'.
js/graph/graph.js(596,3): error TS18047: 'slider' is possibly 'null'.
js/graph/graph.js(596,10): error TS2339: Property 'value' does not exist on type 'HTMLElement'.
js/graph/graph.js(596,18): error TS18047: 'slider' is possibly 'null'.
js/graph/graph.js(596,25): error TS2339: Property 'max' does not exist on type 'HTMLElement'.
js/graph/graph.js(597,3): error TS18047: 'slider' is possibly 'null'.
js/graph/graph.js(614,28): error TS7006: Parameter 'THREE' implicitly has an 'any' type.
js/graph/graph.js(614,35): error TS7006: Parameter 'scale' implicitly has an 'any' type.
js/graph/graph.js(675,3): error TS18047: 'loading' is possibly 'null'.
js/graph/graph.js(676,14): error TS2339: Property 'gsap' does not exist on type 'Window & typeof globalThis'.
js/graph/graph.js(677,5): error TS2304: Cannot find name 'gsap'.
js/graph/graph.js(684,5): error TS18047: 'timeline' is possibly 'null'.
js/graph/graph.js(685,5): error TS18047: 'timeline' is possibly 'null'.
js/graph/graph.js(687,3): error TS18047: 'timeline' is possibly 'null'.
js/graph/graph.js(698,3): error TS7053: Element implicitly has an 'any' type because expression of type 'string' can't be used to index type '{}'.
  No index signature with a parameter of type 'string' was found on type '{}'.
js/graph/graph.js(699,8): error TS7005: Variable 'historyData' implicitly has an 'any' type.
js/graph/graph.js(701,5): error TS18047: 'slider' is possibly 'null'.
js/graph/graph.js(701,12): error TS2339: Property 'value' does not exist on type 'HTMLElement'.
js/graph/graph.js(701,38): error TS18047: 'slider' is possibly 'null'.
js/graph/graph.js(701,45): error TS2339: Property 'value' does not exist on type 'HTMLElement'.
js/graph/graph.js(701,57): error TS18047: 'slider' is possibly 'null'.
js/graph/graph.js(701,64): error TS2339: Property 'max' does not exist on type 'HTMLElement'.
js/graph/graph.js(704,5): error TS18047: 'slider' is possibly 'null'.
js/graph/graph.js(704,12): error TS2339: Property 'value' does not exist on type 'HTMLElement'.
js/graph/graph.js(704,38): error TS18047: 'slider' is possibly 'null'.
js/graph/graph.js(704,45): error TS2339: Property 'value' does not exist on type 'HTMLElement'.
js/graph/graph.js(708,42): error TS7053: Element implicitly has an 'any' type because expression of type 'string' can't be used to index type '{}'.
  No index signature with a parameter of type 'string' was found on type '{}'.
js/graph/graph.js(730,7): error TS7053: Element implicitly has an 'any' type because expression of type '"w"' can't be used to index type '{}'.
  Property 'w' does not exist on type '{}'.
js/graph/graph.js(734,7): error TS7053: Element implicitly has an 'any' type because expression of type '"s"' can't be used to index type '{}'.
  Property 's' does not exist on type '{}'.
js/graph/graph.js(738,7): error TS7053: Element implicitly has an 'any' type because expression of type '"a"' can't be used to index type '{}'.
  Property 'a' does not exist on type '{}'.
js/graph/graph.js(742,7): error TS7053: Element implicitly has an 'any' type because expression of type '"d"' can't be used to index type '{}'.
  Property 'd' does not exist on type '{}'.
js/loader/cdnFallback.js(4,14): error TS2339: Property 'CDNLoader' does not exist on type 'Window & typeof globalThis'.
js/loader/cdnFallback.js(7,23): error TS7006: Parameter 'origins' implicitly has an 'any' type.
js/loader/cdnFallback.js(20,33): error TS7006: Parameter 'urls' implicitly has an 'any' type.
js/loader/cdnFallback.js(20,39): error TS7006: Parameter 'attrs' implicitly has an 'any' type.
js/loader/cdnFallback.js(36,11): error TS2810: Expected 1 argument, but got 0. 'new Promise()' needs a JSDoc hint to produce a 'resolve' that can be called without arguments.
js/loader/cdnFallback.js(45,32): error TS7006: Parameter 'urls' implicitly has an 'any' type.
js/loader/cdnFallback.js(59,15): error TS2810: Expected 1 argument, but got 0. 'new Promise()' needs a JSDoc hint to produce a 'resolve' that can be called without arguments.
js/loader/cdnFallback.js(63,15): error TS2810: Expected 1 argument, but got 0. 'new Promise()' needs a JSDoc hint to produce a 'resolve' that can be called without arguments.
js/loader/cdnFallback.js(72,11): error TS2810: Expected 1 argument, but got 0. 'new Promise()' needs a JSDoc hint to produce a 'resolve' that can be called without arguments.
js/loader/cdnFallback.js(81,10): error TS2339: Property 'CDNLoader' does not exist on type 'Window & typeof globalThis'.
js/mobile_ambient_bootstrap.js(6,23): error TS7006: Parameter 'src' implicitly has an 'any' type.
js/mobile_ambient_bootstrap.js(29,24): error TS2307: Cannot find module '/js/ambient/quantum_shader.js' or its corresponding type declarations.
js/mobile_ambient_bootstrap.js(30,24): error TS2307: Cannot find module '/js/ui/videoFallback.js' or its corresponding type declarations.
js/terminal.js(31,21): error TS7006: Parameter 'text' implicitly has an 'any' type.
js/terminal.js(48,22): error TS7006: Parameter 'command' implicitly has an 'any' type.
js/terminal.js(59,31): error TS7006: Parameter 'rawInput' implicitly has an 'any' type.
js/terminal.js(59,41): error TS7006: Parameter 'historyState' implicitly has an 'any' type.
js/terminal.js(88,8): error TS18048: 'result' is possibly 'undefined'.
js/terminal.js(100,28): error TS7006: Parameter 'input' implicitly has an 'any' type.
js/terminal.js(100,35): error TS7006: Parameter 'historyState' implicitly has an 'any' type.
js/terminal.js(101,38): error TS7006: Parameter 'event' implicitly has an 'any' type.
js/terminal.js(138,11): error TS2322: Type 'string[]' is not assignable to type 'never[]'.
  Type 'string' is not assignable to type 'never'.
js/terminal.js(205,32): error TS7006: Parameter 'historyState' implicitly has an 'any' type.
js/terminal.js(214,13): error TS2339: Property 'value' does not exist on type 'HTMLElement'.
js/terminal.js(236,8): error TS2339: Property 'initCustomStats' does not exist on type 'Window & typeof globalThis'.
js/terminal.js(236,36): error TS7006: Parameter 'data' implicitly has an 'any' type.
js/terminal.js(237,20): error TS2551: Property 'customStatsData' does not exist on type 'Window & typeof globalThis'. Did you mean 'CustomStateSet'?
js/terminal.js(238,26): error TS2551: Property 'customStatsData' does not exist on type 'Window & typeof globalThis'. Did you mean 'CustomStateSet'?
js/terminal.js(244,14): error TS2339: Property 'initCustomStats' does not exist on type 'Window & typeof globalThis'.
js/terminal.js(244,40): error TS2339: Property 'initCustomStats' does not exist on type 'Window & typeof globalThis'.
js/terminal.js(247,16): error TS2339: Property 'initCustomStats' does not exist on type 'Window & typeof globalThis'.
js/terminal.js(247,47): error TS2339: Property 'initCustomStats' does not exist on type 'Window & typeof globalThis'.
js/terminal.js(258,14): error TS2339: Property 'reviewStatsData' does not exist on type 'Window & typeof globalThis'.
js/transactions/state.js(39,37): error TS7006: Parameter 'term' implicitly has an 'any' type.
js/transactions/state.js(56,36): error TS7006: Parameter 'transactions' implicitly has an 'any' type.
js/transactions/state.js(57,3): error TS2322: Type 'any[]' is not assignable to type 'never[]'.
  Type 'any' is not assignable to type 'never'.
js/transactions/state.js(62,41): error TS7006: Parameter 'transactions' implicitly has an 'any' type.
js/transactions/state.js(63,3): error TS2322: Type 'any[]' is not assignable to type 'never[]'.
  Type 'any' is not assignable to type 'never'.
js/transactions/state.js(68,33): error TS7006: Parameter 'splits' implicitly has an 'any' type.
js/transactions/state.js(69,3): error TS2322: Type 'any[]' is not assignable to type 'never[]'.
  Type 'any' is not assignable to type 'never'.
js/transactions/state.js(72,40): error TS7006: Parameter 'series' implicitly has an 'any' type.
js/transactions/state.js(73,3): error TS2322: Type 'any[]' is not assignable to type 'never[]'.
  Type 'any' is not assignable to type 'never'.
js/transactions/state.js(76,43): error TS7006: Parameter 'seriesMap' implicitly has an 'any' type.
js/transactions/state.js(81,36): error TS7006: Parameter 'series' implicitly has an 'any' type.
js/transactions/state.js(82,3): error TS2322: Type 'any[]' is not assignable to type 'never[]'.
  Type 'any' is not assignable to type 'never'.
js/transactions/state.js(85,39): error TS7006: Parameter 'seriesMap' implicitly has an 'any' type.
js/transactions/state.js(90,38): error TS7006: Parameter 'seriesMap' implicitly has an 'any' type.
js/transactions/state.js(95,36): error TS7006: Parameter 'key' implicitly has an 'any' type.
js/transactions/state.js(95,41): error TS7006: Parameter 'visible' implicitly has an 'any' type.
js/transactions/state.js(96,3): error TS7053: Element implicitly has an 'any' type because expression of type 'any' can't be used to index type '{ contribution: boolean; balance: boolean; buy: boolean; sell: boolean; }'.
js/transactions/state.js(103,36): error TS7006: Parameter 'enabled' implicitly has an 'any' type.
js/transactions/state.js(111,36): error TS7006: Parameter 'command' implicitly has an 'any' type.
js/transactions/state.js(112,43): error TS2345: Argument of type 'any' is not assignable to parameter of type 'never'.
js/transactions/state.js(119,33): error TS7006: Parameter 'index' implicitly has an 'any' type.
js/transactions/state.js(123,32): error TS7006: Parameter 'chartType' implicitly has an 'any' type.
js/transactions/state.js(127,37): error TS7006: Parameter 'prices' implicitly has an 'any' type.
js/transactions/state.js(132,37): error TS7031: Binding element 'from' implicitly has an 'any' type.
js/transactions/state.js(132,43): error TS7031: Binding element 'to' implicitly has an 'any' type.
js/transactions/state.js(136,37): error TS7006: Parameter 'currency' implicitly has an 'any' type.
js/transactions/state.js(143,5): error TS7053: Element implicitly has an 'any' type because expression of type 'string' can't be used to index type '{ USD: string; CNY: string; JPY: string; KRW: string; }'.
  No index signature with a parameter of type 'string' was found on type '{ USD: string; CNY: string; JPY: string; KRW: string; }'.
js/transactions/state.js(150,38): error TS7006: Parameter 'fxMap' implicitly has an 'any' type.
js/transactions/state.js(155,45): error TS7006: Parameter 'tickers' implicitly has an 'any' type.
js/transactions/state.js(160,9): error TS7034: Variable 'normalized' implicitly has type 'any[]' in some locations where its type cannot be determined.
js/transactions/state.js(173,3): error TS2322: Type 'any[]' is not assignable to type 'never[]'.
  Type 'any' is not assignable to type 'never'.
js/transactions/state.js(173,47): error TS7005: Variable 'normalized' implicitly has an 'any[]' type.
js/transactions/state.js(180,48): error TS7006: Parameter 'filter' implicitly has an 'any' type.
js/transactions/state.js(192,27): error TS7006: Parameter 'value' implicitly has an 'any' type.
js/transactions/utils.js(4,28): error TS7006: Parameter 'dateString' implicitly has an 'any' type.
js/transactions/utils.js(12,31): error TS7006: Parameter 'currency' implicitly has an 'any' type.
js/transactions/utils.js(16,21): error TS7053: Element implicitly has an 'any' type because expression of type 'string' can't be used to index type '{ USD: string; CNY: string; JPY: string; KRW: string; }'.
  No index signature with a parameter of type 'string' was found on type '{ USD: string; CNY: string; JPY: string; KRW: string; }'.
js/transactions/utils.js(17,12): error TS7053: Element implicitly has an 'any' type because expression of type 'string' can't be used to index type '{ USD: string; CNY: string; JPY: string; KRW: string; }'.
  No index signature with a parameter of type 'string' was found on type '{ USD: string; CNY: string; JPY: string; KRW: string; }'.
js/transactions/utils.js(21,19): error TS7053: Element implicitly has an 'any' type because expression of type 'string' can't be used to index type '{ USD: string; CNY: string; JPY: string; KRW: string; }'.
  No index signature with a parameter of type 'string' was found on type '{ USD: string; CNY: string; JPY: string; KRW: string; }'.
js/transactions/utils.js(22,12): error TS7053: Element implicitly has an 'any' type because expression of type 'string' can't be used to index type '{ USD: string; CNY: string; JPY: string; KRW: string; }'.
  No index signature with a parameter of type 'string' was found on type '{ USD: string; CNY: string; JPY: string; KRW: string; }'.
js/transactions/utils.js(28,21): error TS7006: Parameter 'currency' implicitly has an 'any' type.
js/transactions/utils.js(30,10): error TS7053: Element implicitly has an 'any' type because expression of type 'any' can't be used to index type '{}'.
js/transactions/utils.js(33,21): error TS7006: Parameter 'dateString' implicitly has an 'any' type.
js/transactions/utils.js(33,33): error TS7006: Parameter 'currency' implicitly has an 'any' type.
js/transactions/utils.js(77,3): error TS7006: Parameter 'value' implicitly has an 'any' type.
js/transactions/utils.js(78,3): error TS7006: Parameter 'dateString' implicitly has an 'any' type.
js/transactions/utils.js(99,3): error TS7006: Parameter 'value' implicitly has an 'any' type.
js/transactions/utils.js(100,3): error TS7006: Parameter 'fromCurrency' implicitly has an 'any' type.
js/transactions/utils.js(101,3): error TS7006: Parameter 'dateString' implicitly has an 'any' type.
js/transactions/utils.js(145,32): error TS7006: Parameter 'value' implicitly has an 'any' type.
js/transactions/utils.js(145,41): error TS2339: Property 'currency' does not exist on type '{}'.
js/transactions/utils.js(160,3): error TS7006: Parameter 'value' implicitly has an 'any' type.
js/transactions/utils.js(161,17): error TS2339: Property 'currency' does not exist on type '{ digits?: number | undefined; }'.
js/transactions/utils.js(176,39): error TS7006: Parameter 'value' implicitly has an 'any' type.
js/transactions/utils.js(176,48): error TS2339: Property 'currency' does not exist on type '{}'.
js/transactions/utils.js(320,28): error TS7006: Parameter 'unsafe' implicitly has an 'any' type.
js/transactions/utils.js(332,30): error TS7006: Parameter 'line' implicitly has an 'any' type.
js/types/ambient.d.ts(17,22): error TS2304: Cannot find name 'AmbientConfig'.
js/ui/magnetic_nav.js(2,48): error TS2339: Property 'gsap' does not exist on type 'Window & typeof globalThis'.
js/ui/magnetic_nav.js(20,9): error TS7034: Variable 'rect' implicitly has type 'any' in some locations where its type cannot be determined.
js/ui/magnetic_nav.js(23,24): error TS2339: Property 'gsap' does not exist on type 'Window & typeof globalThis'.
js/ui/magnetic_nav.js(27,24): error TS2339: Property 'gsap' does not exist on type 'Window & typeof globalThis'.
js/ui/magnetic_nav.js(35,25): error TS2339: Property 'gsap' does not exist on type 'Window & typeof globalThis'.
js/ui/magnetic_nav.js(39,25): error TS2339: Property 'gsap' does not exist on type 'Window & typeof globalThis'.
js/ui/magnetic_nav.js(61,16): error TS7005: Variable 'rect' implicitly has an 'any' type.
js/ui/magnetic_nav.js(76,27): error TS2339: Property 'pageX' does not exist on type 'Event'.
js/ui/magnetic_nav.js(77,27): error TS2339: Property 'pageY' does not exist on type 'Event'.
js/ui/magnetic_nav.js(100,14): error TS2339: Property 'gsap' does not exist on type 'Window & typeof globalThis'.
js/ui/magnetic_nav.js(109,16): error TS2339: Property 'gsap' does not exist on type 'Window & typeof globalThis'.
js/ui/marquee.js(15,13): error TS2339: Property 'gsap' does not exist on type 'Window & typeof globalThis'.
js/ui/marquee.js(29,9): error TS7034: Variable 'charGroups' implicitly has type 'any[]' in some locations where its type cannot be determined.
js/ui/marquee.js(37,15): error TS2339: Property 'style' does not exist on type 'Element'.
js/ui/marquee.js(58,12): error TS2339: Property 'gsap' does not exist on type 'Window & typeof globalThis'.
js/ui/marquee.js(64,26): error TS2339: Property 'gsap' does not exist on type 'Window & typeof globalThis'.
js/ui/marquee.js(70,41): error TS7005: Variable 'charGroups' implicitly has an 'any[]' type.
js/ui/marquee.js(74,25): error TS7006: Parameter 'contentEl' implicitly has an 'any' type.
js/ui/marquee.js(95,38): error TS7006: Parameter 'widget' implicitly has an 'any' type.
js/ui/marquee.js(95,46): error TS7006: Parameter 'charGroups' implicitly has an 'any' type.
js/ui/marquee.js(135,23): error TS7006: Parameter 'group' implicitly has an 'any' type.
js/ui/marquee.js(158,10): error TS2339: Property 'gsap' does not exist on type 'Window & typeof globalThis'.
js/ui/nav_current_page.js(16,15): error TS2339: Property 'href' does not exist on type 'Element'.
js/ui/nav_current_page.js(17,14): error TS2339: Property 'href' does not exist on type 'Element'.
js/ui/nav_current_page.js(21,47): error TS2339: Property 'href' does not exist on type 'Element'.
js/ui/nav_current_page.js(44,14): error TS2339: Property 'style' does not exist on type 'Element'.
js/ui/nav_current_page.js(45,14): error TS2339: Property 'style' does not exist on type 'Element'.
js/ui/nav_prefetch.js(25,26): error TS7006: Parameter 'pathname' implicitly has an 'any' type.
js/ui/nav_prefetch.js(38,17): error TS2339: Property 'connection' does not exist on type 'Navigator'.
js/ui/nav_prefetch.js(39,17): error TS2339: Property 'mozConnection' does not exist on type 'Navigator'.
js/ui/nav_prefetch.js(40,17): error TS2339: Property 'webkitConnection' does not exist on type 'Navigator'.
js/ui/nav_prefetch.js(73,28): error TS7006: Parameter 'appBase' implicitly has an 'any' type.
js/ui/nav_prefetch.js(76,20): error TS7053: Element implicitly has an 'any' type because expression of type 'string' can't be used to index type '{ home: string; terminal: string; }'.
  No index signature with a parameter of type 'string' was found on type '{ home: string; terminal: string; }'.
js/ui/nav_prefetch.js(78,9): error TS7053: Element implicitly has an 'any' type because expression of type 'string' can't be used to index type '{}'.
  No index signature with a parameter of type 'string' was found on type '{}'.
js/ui/nav_prefetch.js(81,9): error TS7053: Element implicitly has an 'any' type because expression of type 'string' can't be used to index type '{}'.
  No index signature with a parameter of type 'string' was found on type '{}'.
js/ui/nav_prefetch.js(87,34): error TS7006: Parameter 'routePaths' implicitly has an 'any' type.
js/ui/nav_prefetch.js(95,28): error TS7006: Parameter 'appBase' implicitly has an 'any' type.
js/ui/nav_prefetch.js(95,37): error TS7006: Parameter 'asset' implicitly has an 'any' type.
js/ui/nav_prefetch.js(111,27): error TS7006: Parameter 'url' implicitly has an 'any' type.
js/ui/nav_prefetch.js(111,32): error TS7006: Parameter 'queue' implicitly has an 'any' type.
js/ui/nav_prefetch.js(111,39): error TS7006: Parameter 'seen' implicitly has an 'any' type.
js/ui/nav_prefetch.js(135,17): error TS2339: Property 'mode' does not exist on type '{ credentials: string; cache: string; redirect: string; }'.
js/ui/nav_prefetch.js(138,35): error TS2345: Argument of type '{ credentials: string; cache: string; redirect: string; }' is not assignable to parameter of type 'RequestInit'.
  Types of property 'cache' are incompatible.
    Type 'string' is not assignable to type 'RequestCache | undefined'.
js/ui/nav_prefetch.js(142,23): error TS7006: Parameter 'queue' implicitly has an 'any' type.
js/ui/nav_prefetch.js(160,22): error TS2339: Property 'setTimeout' does not exist on type 'never'.
js/ui/nav_prefetch.js(169,14): error TS2339: Property 'setTimeout' does not exist on type 'never'.
js/ui/nav_prefetch.js(173,28): error TS7006: Parameter 'asset' implicitly has an 'any' type.
js/ui/nav_prefetch.js(173,35): error TS7006: Parameter 'connection' implicitly has an 'any' type.
js/ui/nav_prefetch.js(187,5): error TS7006: Parameter 'routeKey' implicitly has an 'any' type.
js/ui/nav_prefetch.js(188,5): error TS7006: Parameter 'appBase' implicitly has an 'any' type.
js/ui/nav_prefetch.js(189,5): error TS7006: Parameter 'connection' implicitly has an 'any' type.
js/ui/nav_prefetch.js(190,5): error TS7006: Parameter 'queue' implicitly has an 'any' type.
js/ui/nav_prefetch.js(191,5): error TS7006: Parameter 'seen' implicitly has an 'any' type.
js/ui/nav_prefetch.js(192,5): error TS7006: Parameter 'tasks' implicitly has an 'any' type.
js/ui/nav_prefetch.js(194,19): error TS7053: Element implicitly has an 'any' type because expression of type 'any' can't be used to index type '{ shared: never[]; home: string[]; terminal: string[]; }'.
js/ui/nav_prefetch.js(199,20): error TS7006: Parameter 'path' implicitly has an 'any' type.
js/ui/nav_prefetch.js(206,9): error TS18048: 'urls' is possibly 'undefined'.
js/ui/nav_prefetch.js(223,32): error TS7006: Parameter 'cssUrl' implicitly has an 'any' type.
js/ui/nav_prefetch.js(238,34): error TS7006: Parameter 'cssText' implicitly has an 'any' type.
js/ui/nav_prefetch.js(238,43): error TS7006: Parameter 'cssUrl' implicitly has an 'any' type.
js/ui/nav_prefetch.js(295,11): error TS7034: Variable 'queue' implicitly has type 'any[]' in some locations where its type cannot be determined.
js/ui/nav_prefetch.js(297,11): error TS7034: Variable 'cssDiscoveryTasks' implicitly has type 'any[]' in some locations where its type cannot be determined.
js/ui/nav_prefetch.js(299,7): error TS7053: Element implicitly has an 'any' type because expression of type 'string' can't be used to index type '{}'.
  No index signature with a parameter of type 'string' was found on type '{}'.
js/ui/nav_prefetch.js(323,37): error TS7005: Variable 'queue' implicitly has an 'any[]' type.
js/ui/nav_prefetch.js(330,7): error TS7005: Variable 'queue' implicitly has an 'any[]' type.
js/ui/nav_prefetch.js(332,7): error TS7005: Variable 'cssDiscoveryTasks' implicitly has an 'any[]' type.
js/ui/nav_prefetch.js(339,22): error TS7053: Element implicitly has an 'any' type because expression of type 'string' can't be used to index type '{ home: { url: string; type: string; }[]; terminal: never[]; }'.
  No index signature with a parameter of type 'string' was found on type '{ home: { url: string; type: string; }[]; terminal: never[]; }'.
js/ui/nav_prefetch.js(349,36): error TS7005: Variable 'queue' implicitly has an 'any[]' type.
js/ui/nav_prefetch.js(356,9): error TS7005: Variable 'queue' implicitly has an 'any[]' type.
js/ui/nav_prefetch.js(358,9): error TS7005: Variable 'cssDiscoveryTasks' implicitly has an 'any[]' type.
js/ui/nav_prefetch.js(367,20): error TS7005: Variable 'queue' implicitly has an 'any[]' type.
js/ui/nav_prefetch.js(373,30): error TS7005: Variable 'cssDiscoveryTasks' implicitly has an 'any[]' type.
js/ui/nav_prefetch.js(374,23): error TS7005: Variable 'cssDiscoveryTasks' implicitly has an 'any[]' type.
js/ui/service_worker_register.js(1,26): error TS7006: Parameter 'hostname' implicitly has an 'any' type.
js/ui/service_worker_register.js(32,19): error TS2339: Property '__SW_FORCE_SW_HOSTNAME__' does not exist on type 'Window & typeof globalThis'.
js/ui/service_worker_register.js(33,16): error TS2339: Property '__SW_FORCE_SW_HOSTNAME__' does not exist on type 'Window & typeof globalThis'.
js/ui/tableGlassEffect.js(4,15): error TS7006: Parameter 'containerSelector' implicitly has an 'any' type.
js/ui/tableGlassEffect.js(19,21): error TS2339: Property 'threeD' does not exist on type '{}'.
js/ui/tableGlassEffect.js(54,5): error TS2532: Object is possibly 'undefined'.
js/ui/tableGlassEffect.js(55,5): error TS2532: Object is possibly 'undefined'.
js/ui/tableGlassEffect.js(56,5): error TS2532: Object is possibly 'undefined'.
js/ui/tableGlassEffect.js(57,5): error TS2532: Object is possibly 'undefined'.
js/ui/tableGlassEffect.js(58,5): error TS2532: Object is possibly 'undefined'.
js/ui/tableGlassEffect.js(68,22): error TS2339: Property 'excludeHeader' does not exist on type '{ enabled: boolean; opacity: number; responsiveOpacity: { desktop: number; mobile: number; }; borders: { sliceWidth: number; sliceColor: string; arcWidth: number; arcColor: string; style: string; }; liquidGlass: { ...; }; threeD: any; }'.
js/ui/tableGlassEffect.js(73,7): error TS2532: Object is possibly 'undefined'.
js/ui/tableGlassEffect.js(74,7): error TS2532: Object is possibly 'undefined'.
js/ui/tableGlassEffect.js(76,7): error TS2532: Object is possibly 'undefined'.
js/ui/tableGlassEffect.js(77,7): error TS2532: Object is possibly 'undefined'.
js/ui/tableGlassEffect.js(89,5): error TS7022: '_scrollable' implicitly has type 'any' because it does not have a type annotation and is referenced directly or indirectly in its own initializer.
js/ui/tableGlassEffect.js(94,7): error TS2532: Object is possibly 'undefined'.
js/ui/tableGlassEffect.js(97,7): error TS2532: Object is possibly 'undefined'.
js/ui/tableGlassEffect.js(127,51): error TS7006: Parameter 'e' implicitly has an 'any' type.
js/ui/tableGlassEffect.js(146,5): error TS2532: Object is possibly 'undefined'.
js/ui/tableGlassEffect.js(146,5): error TS2322: Type 'any[]' is not assignable to type 'never[]'.
  Type 'any' is not assignable to type 'never'.
js/ui/tableGlassEffect.js(148,7): error TS2532: Object is possibly 'undefined'.
js/ui/tableGlassEffect.js(148,7): error TS2322: Type '{ progress: number; speed: number; size: number; flickerOffset: number; offset: number; }' is not assignable to type 'never'.
js/ui/tableGlassEffect.js(165,22): error TS2339: Property 'excludeHeader' does not exist on type '{ enabled: boolean; opacity: number; responsiveOpacity: { desktop: number; mobile: number; }; borders: { sliceWidth: number; sliceColor: string; arcWidth: number; arcColor: string; style: string; }; liquidGlass: { ...; }; threeD: any; }'.
js/ui/tableGlassEffect.js(170,7): error TS2532: Object is possibly 'undefined'.
js/ui/tableGlassEffect.js(184,9): error TS2532: Object is possibly 'undefined'.
js/ui/tableGlassEffect.js(190,9): error TS2532: Object is possibly 'undefined'.
js/ui/tableGlassEffect.js(191,9): error TS2532: Object is possibly 'undefined'.
js/ui/tableGlassEffect.js(204,5): error TS2532: Object is possibly 'undefined'.
js/ui/tableGlassEffect.js(210,5): error TS2532: Object is possibly 'undefined'.
js/ui/tableGlassEffect.js(213,7): error TS2532: Object is possibly 'undefined'.
js/ui/tableGlassEffect.js(218,5): error TS2532: Object is possibly 'undefined'.
js/ui/tableGlassEffect.js(219,5): error TS2532: Object is possibly 'undefined'.
js/ui/tableGlassEffect.js(220,5): error TS2533: Object is possibly 'null' or 'undefined'.
js/ui/tableGlassEffect.js(231,5): error TS7008: Member 'rows' implicitly has an 'any[]' type.
js/ui/tableGlassEffect.js(233,22): error TS2339: Property 'rowHoverEffect' does not exist on type '{ enabled: boolean; opacity: number; responsiveOpacity: { desktop: number; mobile: number; }; borders: { sliceWidth: number; sliceColor: string; arcWidth: number; arcColor: string; style: string; }; liquidGlass: { ...; }; threeD: any; }'.
js/ui/tableGlassEffect.js(242,28): error TS2532: Object is possibly 'undefined'.
js/ui/tableGlassEffect.js(266,19): error TS7006: Parameter 'e' implicitly has an 'any' type.
js/ui/tableGlassEffect.js(279,5): error TS2532: Object is possibly 'undefined'.
js/ui/tableGlassEffect.js(280,5): error TS2532: Object is possibly 'undefined'.
js/ui/tableGlassEffect.js(283,22): error TS2339: Property 'rowHoverEffect' does not exist on type '{ enabled: boolean; opacity: number; responsiveOpacity: { desktop: number; mobile: number; }; borders: { sliceWidth: number; sliceColor: string; arcWidth: number; arcColor: string; style: string; }; liquidGlass: { ...; }; threeD: any; }'.
js/ui/tableGlassEffect.js(293,30): error TS2532: Object is possibly 'undefined'.
js/ui/tableGlassEffect.js(294,11): error TS2532: Object is possibly 'undefined'.
js/ui/tableGlassEffect.js(294,22): error TS2339: Property 'hoveredRowIndex' does not exist on type '{ phase: number; continuousPhase: number; ambientPhase: number; lastTime: number; energyParticles: never[]; pointer: { x: number; y: number; }; pointerSmoothed: { x: number; y: number; }; }'.
js/ui/tableGlassEffect.js(297,11): error TS2532: Object is possibly 'undefined'.
js/ui/tableGlassEffect.js(297,22): error TS2339: Property 'hoveredRowIndex' does not exist on type '{ phase: number; continuousPhase: number; ambientPhase: number; lastTime: number; energyParticles: never[]; pointer: { x: number; y: number; }; pointerSmoothed: { x: number; y: number; }; }'.
js/ui/tableGlassEffect.js(300,9): error TS2532: Object is possibly 'undefined'.
js/ui/tableGlassEffect.js(300,20): error TS2339: Property 'hoveredRowIndex' does not exist on type '{ phase: number; continuousPhase: number; ambientPhase: number; lastTime: number; energyParticles: never[]; pointer: { x: number; y: number; }; pointerSmoothed: { x: number; y: number; }; }'.
js/ui/tableGlassEffect.js(306,5): error TS2532: Object is possibly 'undefined'.
js/ui/tableGlassEffect.js(307,5): error TS2532: Object is possibly 'undefined'.
js/ui/tableGlassEffect.js(308,5): error TS2532: Object is possibly 'undefined'.
js/ui/tableGlassEffect.js(308,16): error TS2339: Property 'hoveredRowIndex' does not exist on type '{ phase: number; continuousPhase: number; ambientPhase: number; lastTime: number; energyParticles: never[]; pointer: { x: number; y: number; }; pointerSmoothed: { x: number; y: number; }; }'.
js/ui/tableGlassEffect.js(313,19): error TS7006: Parameter 'time' implicitly has an 'any' type.
js/ui/tableGlassEffect.js(321,10): error TS7006: Parameter 'time' implicitly has an 'any' type.
js/ui/tableGlassEffect.js(322,10): error TS2532: Object is possibly 'undefined'.
js/ui/tableGlassEffect.js(323,7): error TS2532: Object is possibly 'undefined'.
js/ui/tableGlassEffect.js(325,27): error TS2532: Object is possibly 'undefined'.
js/ui/tableGlassEffect.js(326,5): error TS2532: Object is possibly 'undefined'.
js/ui/tableGlassEffect.js(329,5): error TS2532: Object is possibly 'undefined'.
js/ui/tableGlassEffect.js(329,25): error TS2532: Object is possibly 'undefined'.
js/ui/tableGlassEffect.js(330,5): error TS2532: Object is possibly 'undefined'.
js/ui/tableGlassEffect.js(331,5): error TS2532: Object is possibly 'undefined'.
js/ui/tableGlassEffect.js(331,32): error TS2532: Object is possibly 'undefined'.
js/ui/tableGlassEffect.js(335,5): error TS2532: Object is possibly 'undefined'.
js/ui/tableGlassEffect.js(336,8): error TS2532: Object is possibly 'undefined'.
js/ui/tableGlassEffect.js(336,31): error TS2532: Object is possibly 'undefined'.
js/ui/tableGlassEffect.js(337,5): error TS2532: Object is possibly 'undefined'.
js/ui/tableGlassEffect.js(338,8): error TS2532: Object is possibly 'undefined'.
js/ui/tableGlassEffect.js(338,31): error TS2532: Object is possibly 'undefined'.
js/ui/tableGlassEffect.js(341,11): error TS7005: Variable 'particles' implicitly has an 'any[]' type.
js/ui/tableGlassEffect.js(341,23): error TS2532: Object is possibly 'undefined'.
js/ui/tableGlassEffect.js(349,5): error TS2533: Object is possibly 'null' or 'undefined'.
js/ui/tableGlassEffect.js(349,30): error TS2345: Argument of type 'number | undefined' is not assignable to parameter of type 'number'.
  Type 'undefined' is not assignable to type 'number'.
js/ui/tableGlassEffect.js(351,33): error TS2339: Property 'excludeHeader' does not exist on type '{ enabled: boolean; opacity: number; responsiveOpacity: { desktop: number; mobile: number; }; borders: { sliceWidth: number; sliceColor: string; arcWidth: number; arcColor: string; style: string; }; liquidGlass: { ...; }; threeD: any; }'.
js/ui/tableGlassEffect.js(363,21): error TS2339: Property 'rowHoverEffect' does not exist on type '{ enabled: boolean; opacity: number; responsiveOpacity: { desktop: number; mobile: number; }; borders: { sliceWidth: number; sliceColor: string; arcWidth: number; arcColor: string; style: string; }; liquidGlass: { ...; }; threeD: any; }'.
js/ui/tableGlassEffect.js(364,7): error TS2532: Object is possibly 'undefined'.
js/ui/tableGlassEffect.js(364,18): error TS2339: Property 'hoveredRowIndex' does not exist on type '{ phase: number; continuousPhase: number; ambientPhase: number; lastTime: number; energyParticles: never[]; pointer: { x: number; y: number; }; pointerSmoothed: { x: number; y: number; }; }'.
js/ui/tableGlassEffect.js(370,27): error TS2532: Object is possibly 'undefined'.
js/ui/tableGlassEffect.js(370,38): error TS2339: Property 'hoveredRowIndex' does not exist on type '{ phase: number; continuousPhase: number; ambientPhase: number; lastTime: number; energyParticles: never[]; pointer: { x: number; y: number; }; pointerSmoothed: { x: number; y: number; }; }'.
js/ui/tableGlassEffect.js(382,35): error TS2339: Property 'rowHoverEffect' does not exist on type '{ enabled: boolean; opacity: number; responsiveOpacity: { desktop: number; mobile: number; }; borders: { sliceWidth: number; sliceColor: string; arcWidth: number; arcColor: string; style: string; }; liquidGlass: { ...; }; threeD: any; }'.
js/ui/tableGlassEffect.js(384,5): error TS2533: Object is possibly 'null' or 'undefined'.
js/ui/tableGlassEffect.js(387,5): error TS2533: Object is possibly 'null' or 'undefined'.
js/ui/tableGlassEffect.js(391,22): error TS2532: Object is possibly 'undefined'.
js/ui/tableGlassEffect.js(391,55): error TS2532: Object is possibly 'undefined'.
js/ui/tableGlassEffect.js(397,43): error TS2533: Object is possibly 'null' or 'undefined'.
js/ui/tableGlassEffect.js(411,40): error TS2533: Object is possibly 'null' or 'undefined'.
js/ui/tableGlassEffect.js(427,5): error TS2533: Object is possibly 'null' or 'undefined'.
js/ui/tableGlassEffect.js(430,5): error TS2533: Object is possibly 'null' or 'undefined'.
js/ui/tableGlassEffect.js(431,5): error TS2533: Object is possibly 'null' or 'undefined'.
js/ui/tableGlassEffect.js(431,51): error TS2345: Argument of type 'number | undefined' is not assignable to parameter of type 'number'.
  Type 'undefined' is not assignable to type 'number'.
js/ui/tableGlassEffect.js(434,5): error TS2533: Object is possibly 'null' or 'undefined'.
js/ui/tableGlassEffect.js(434,5): error TS2322: Type 'CanvasGradient | null | undefined' is not assignable to type 'string | CanvasGradient | CanvasPattern'.
  Type 'undefined' is not assignable to type 'string | CanvasGradient | CanvasPattern'.
js/ui/tableGlassEffect.js(435,5): error TS2533: Object is possibly 'null' or 'undefined'.
js/ui/tableGlassEffect.js(437,5): error TS2533: Object is possibly 'null' or 'undefined'.
js/ui/tableGlassEffect.js(438,5): error TS2533: Object is possibly 'null' or 'undefined'.
js/ui/tableGlassEffect.js(439,5): error TS2533: Object is possibly 'null' or 'undefined'.
js/ui/tableGlassEffect.js(439,21): error TS2532: Object is possibly 'undefined'.
js/ui/tableGlassEffect.js(440,5): error TS2533: Object is possibly 'null' or 'undefined'.
js/ui/tableGlassEffect.js(441,5): error TS2533: Object is possibly 'null' or 'undefined'.
js/ui/tableGlassEffect.js(441,21): error TS2532: Object is possibly 'undefined'.
js/ui/tableGlassEffect.js(442,5): error TS2533: Object is possibly 'null' or 'undefined'.
js/ui/tableGlassEffect.js(444,5): error TS2533: Object is possibly 'null' or 'undefined'.
js/ui/tableGlassEffect.js(449,32): error TS7006: Parameter 'progress' implicitly has an 'any' type.
js/ui/tableGlassEffect.js(452,27): error TS18048: 'w' is possibly 'undefined'.
js/ui/tableGlassEffect.js(452,35): error TS18048: 'h' is possibly 'undefined'.
js/ui/tableGlassEffect.js(454,17): error TS18048: 'w' is possibly 'undefined'.
js/ui/tableGlassEffect.js(459,17): error TS18048: 'w' is possibly 'undefined'.
js/ui/tableGlassEffect.js(459,21): error TS18048: 'h' is possibly 'undefined'.
js/ui/tableGlassEffect.js(460,7): error TS2322: Type 'number | undefined' is not assignable to type 'number'.
  Type 'undefined' is not assignable to type 'number'.
js/ui/tableGlassEffect.js(461,22): error TS18048: 'w' is possibly 'undefined'.
js/ui/tableGlassEffect.js(464,21): error TS18048: 'w' is possibly 'undefined'.
js/ui/tableGlassEffect.js(464,25): error TS18048: 'h' is possibly 'undefined'.
js/ui/tableGlassEffect.js(465,15): error TS18048: 'w' is possibly 'undefined'.
js/ui/tableGlassEffect.js(465,28): error TS18048: 'w' is possibly 'undefined'.
js/ui/tableGlassEffect.js(465,32): error TS18048: 'h' is possibly 'undefined'.
js/ui/tableGlassEffect.js(466,7): error TS2322: Type 'number | undefined' is not assignable to type 'number'.
  Type 'undefined' is not assignable to type 'number'.
js/ui/tableGlassEffect.js(470,13): error TS18048: 'h' is possibly 'undefined'.
js/ui/tableGlassEffect.js(470,30): error TS18048: 'w' is possibly 'undefined'.
js/ui/tableGlassEffect.js(470,34): error TS18048: 'h' is possibly 'undefined'.
js/ui/tableGlassEffect.js(474,22): error TS7006: Parameter 'progress' implicitly has an 'any' type.
js/ui/tableGlassEffect.js(474,32): error TS7006: Parameter 'radius' implicitly has an 'any' type.
js/ui/tableGlassEffect.js(489,19): error TS18048: 'w' is possibly 'undefined'.
js/ui/tableGlassEffect.js(490,19): error TS18048: 'h' is possibly 'undefined'.
js/ui/tableGlassEffect.js(504,15): error TS18048: 'w' is possibly 'undefined'.
js/ui/tableGlassEffect.js(511,7): error TS2322: Type 'number | undefined' is not assignable to type 'number'.
  Type 'undefined' is not assignable to type 'number'.
js/ui/tableGlassEffect.js(519,15): error TS18048: 'w' is possibly 'undefined'.
js/ui/tableGlassEffect.js(520,15): error TS18048: 'h' is possibly 'undefined'.
js/ui/tableGlassEffect.js(526,15): error TS18048: 'w' is possibly 'undefined'.
js/ui/tableGlassEffect.js(527,7): error TS2322: Type 'number | undefined' is not assignable to type 'number'.
  Type 'undefined' is not assignable to type 'number'.
js/ui/tableGlassEffect.js(535,15): error TS18048: 'h' is possibly 'undefined'.
js/ui/tableGlassEffect.js(542,15): error TS18048: 'h' is possibly 'undefined'.
js/ui/tableGlassEffect.js(554,12): error TS7006: Parameter 'ctx' implicitly has an 'any' type.
js/ui/tableGlassEffect.js(554,17): error TS7006: Parameter 'radius' implicitly has an 'any' type.
js/ui/tableGlassEffect.js(557,16): error TS2532: Object is possibly 'undefined'.
js/ui/tableGlassEffect.js(559,28): error TS2532: Object is possibly 'undefined'.
js/ui/tableGlassEffect.js(563,7): error TS2532: Object is possibly 'undefined'.
js/ui/tableGlassEffect.js(567,45): error TS2532: Object is possibly 'undefined'.
js/ui/tableGlassEffect.js(573,19): error TS7006: Parameter 'radius' implicitly has an 'any' type.
js/ui/tableGlassEffect.js(575,40): error TS2532: Object is possibly 'undefined'.
js/ui/tableGlassEffect.js(577,5): error TS2533: Object is possibly 'null' or 'undefined'.
js/ui/tableGlassEffect.js(579,5): error TS2533: Object is possibly 'null' or 'undefined'.
js/ui/tableGlassEffect.js(583,36): error TS2533: Object is possibly 'null' or 'undefined'.
js/ui/tableGlassEffect.js(586,9): error TS2345: Argument of type 'number | undefined' is not assignable to parameter of type 'number'.
  Type 'undefined' is not assignable to type 'number'.
js/ui/tableGlassEffect.js(596,5): error TS2533: Object is possibly 'null' or 'undefined'.
js/ui/tableGlassEffect.js(597,5): error TS2533: Object is possibly 'null' or 'undefined'.
js/ui/tableGlassEffect.js(598,5): error TS2533: Object is possibly 'null' or 'undefined'.
js/ui/tableGlassEffect.js(599,5): error TS2533: Object is possibly 'null' or 'undefined'.
js/ui/tableGlassEffect.js(602,22): error TS7006: Parameter 'radius' implicitly has an 'any' type.
js/ui/tableGlassEffect.js(635,5): error TS2533: Object is possibly 'null' or 'undefined'.
js/ui/tableGlassEffect.js(636,5): error TS2533: Object is possibly 'null' or 'undefined'.
js/ui/tableGlassEffect.js(637,5): error TS2533: Object is possibly 'null' or 'undefined'.
js/ui/tableGlassEffect.js(638,5): error TS2533: Object is possibly 'null' or 'undefined'.
js/ui/tableGlassEffect.js(651,22): error TS18048: 'activePaletteLength' is possibly 'undefined'.
js/ui/tableGlassEffect.js(652,9): error TS2532: Object is possibly 'undefined'.
js/ui/tableGlassEffect.js(656,7): error TS2533: Object is possibly 'null' or 'undefined'.
js/ui/tableGlassEffect.js(657,7): error TS2533: Object is possibly 'null' or 'undefined'.
js/ui/tableGlassEffect.js(658,7): error TS2533: Object is possibly 'null' or 'undefined'.
js/ui/tableGlassEffect.js(677,9): error TS2533: Object is possibly 'null' or 'undefined'.
js/ui/tableGlassEffect.js(679,9): error TS2533: Object is possibly 'null' or 'undefined'.
js/ui/tableGlassEffect.js(680,9): error TS2533: Object is possibly 'null' or 'undefined'.
js/ui/tableGlassEffect.js(681,9): error TS2533: Object is possibly 'null' or 'undefined'.
js/ui/tableGlassEffect.js(682,9): error TS2533: Object is possibly 'null' or 'undefined'.
js/ui/tableGlassEffect.js(687,5): error TS2533: Object is possibly 'null' or 'undefined'.
js/ui/tableGlassEffect.js(690,17): error TS7006: Parameter 'radius' implicitly has an 'any' type.
js/ui/tableGlassEffect.js(696,5): error TS2533: Object is possibly 'null' or 'undefined'.
js/ui/tableGlassEffect.js(697,5): error TS2533: Object is possibly 'null' or 'undefined'.
js/ui/tableGlassEffect.js(700,11): error TS7005: Variable 'particles' implicitly has an 'any[]' type.
js/ui/tableGlassEffect.js(700,23): error TS2532: Object is possibly 'undefined'.
js/ui/tableGlassEffect.js(703,5): error TS2533: Object is possibly 'null' or 'undefined'.
js/ui/tableGlassEffect.js(704,5): error TS2533: Object is possibly 'null' or 'undefined'.
js/ui/tableGlassEffect.js(704,5): error TS2322: Type 'string | CanvasGradient | CanvasPattern' is not assignable to type 'string'.
  Type 'CanvasGradient' is not assignable to type 'string'.
js/ui/tableGlassEffect.js(704,28): error TS2533: Object is possibly 'null' or 'undefined'.
js/ui/tableGlassEffect.js(717,30): error TS2532: Object is possibly 'undefined'.
js/ui/tableGlassEffect.js(719,7): error TS2533: Object is possibly 'null' or 'undefined'.
js/ui/tableGlassEffect.js(721,7): error TS2533: Object is possibly 'null' or 'undefined'.
js/ui/tableGlassEffect.js(722,7): error TS2533: Object is possibly 'null' or 'undefined'.
js/ui/tableGlassEffect.js(723,7): error TS2533: Object is possibly 'null' or 'undefined'.
js/ui/tableGlassEffect.js(726,5): error TS2533: Object is possibly 'null' or 'undefined'.
js/ui/tableGlassEffect.js(729,18): error TS7006: Parameter 'radius' implicitly has an 'any' type.
js/ui/tableGlassEffect.js(736,5): error TS2533: Object is possibly 'null' or 'undefined'.
js/ui/tableGlassEffect.js(737,5): error TS2533: Object is possibly 'null' or 'undefined'.
js/ui/tableGlassEffect.js(739,19): error TS2532: Object is possibly 'undefined'.
js/ui/tableGlassEffect.js(750,5): error TS2533: Object is possibly 'null' or 'undefined'.
js/ui/tableGlassEffect.js(753,5): error TS2533: Object is possibly 'null' or 'undefined'.
js/ui/tableGlassEffect.js(759,39): error TS2533: Object is possibly 'null' or 'undefined'.
js/ui/tableGlassEffect.js(760,18): error TS2532: Object is possibly 'undefined'.
js/ui/tableGlassEffect.js(761,18): error TS2532: Object is possibly 'undefined'.
js/ui/tableGlassEffect.js(762,17): error TS2532: Object is possibly 'undefined'.
js/ui/tableGlassEffect.js(763,17): error TS2532: Object is possibly 'undefined'.
js/ui/tableGlassEffect.js(770,29): error TS2532: Object is possibly 'undefined'.
js/ui/tableGlassEffect.js(771,29): error TS2532: Object is possibly 'undefined'.
js/ui/tableGlassEffect.js(773,5): error TS2533: Object is possibly 'null' or 'undefined'.
js/ui/tableGlassEffect.js(774,5): error TS2533: Object is possibly 'null' or 'undefined'.
js/ui/tableGlassEffect.js(775,5): error TS2533: Object is possibly 'null' or 'undefined'.
js/ui/tableGlassEffect.js(775,43): error TS2345: Argument of type 'number | undefined' is not assignable to parameter of type 'number'.
  Type 'undefined' is not assignable to type 'number'.
js/ui/tableGlassEffect.js(777,5): error TS2533: Object is possibly 'null' or 'undefined'.
js/ui/tilt_effect.js(4,72): error TS2339: Property 'gsap' does not exist on type 'Window & typeof globalThis'.
js/ui/tilt_effect.js(17,9): error TS7034: Variable 'rect' implicitly has type 'any' in some locations where its type cannot be determined.
js/ui/tilt_effect.js(19,12): error TS2339: Property 'gsap' does not exist on type 'Window & typeof globalThis'.
js/ui/tilt_effect.js(25,30): error TS2339: Property 'gsap' does not exist on type 'Window & typeof globalThis'.
js/ui/tilt_effect.js(29,30): error TS2339: Property 'gsap' does not exist on type 'Window & typeof globalThis'.
js/ui/tilt_effect.js(50,16): error TS7005: Variable 'rect' implicitly has an 'any' type.
js/ui/tilt_effect.js(60,23): error TS2339: Property 'pageX' does not exist on type 'Event'.
js/ui/tilt_effect.js(61,23): error TS2339: Property 'pageY' does not exist on type 'Event'.
js/ui/tilt_effect.js(76,14): error TS2339: Property 'gsap' does not exist on type 'Window & typeof globalThis'.
js/ui/videoFallback.js(23,20): error TS2339: Property 'style' does not exist on type 'Element'.
js/ui/videoFallback.js(24,20): error TS2339: Property 'style' does not exist on type 'Element'.
js/ui/videoFallback.js(25,20): error TS2339: Property 'style' does not exist on type 'Element'.
js/ui/videoFallback.js(26,20): error TS2339: Property 'style' does not exist on type 'Element'.
js/ui/video_warmup.js(14,17): error TS2339: Property 'connection' does not exist on type 'Navigator'.
js/ui/video_warmup.js(15,17): error TS2339: Property 'mozConnection' does not exist on type 'Navigator'.
js/ui/video_warmup.js(16,17): error TS2339: Property 'webkitConnection' does not exist on type 'Navigator'.
js/ui/video_warmup.js(29,27): error TS7006: Parameter 'video' implicitly has an 'any' type.
js/ui/video_warmup.js(84,14): error TS2339: Property 'setTimeout' does not exist on type 'never'.
js/ui/video_warmup.js(88,30): error TS7006: Parameter 'url' implicitly has an 'any' type.
js/utils/timeRange.js(98,28): error TS7006: Parameter 'token' implicitly has an 'any' type.
js/utils/timeRange.js(105,26): error TS7053: Element implicitly has an 'any' type because expression of type 'number' can't be used to index type '{ 1: string[]; 2: string[]; 3: string[]; 4: string[]; }'.
  No index signature with a parameter of type 'number' was found on type '{ 1: string[]; 2: string[]; 3: string[]; 4: string[]; }'.
js/utils/timeRange.js(195,20): error TS7006: Parameter 'iso' implicitly has an 'any' type.
js/utils/timeRange.js(199,17): error TS7006: Parameter 'target' implicitly has an 'any' type.
js/utils/timeRange.js(199,49): error TS2363: The right-hand side of an arithmetic operation must be of type 'any', 'number', 'bigint' or an enum type.
js/utils/timeRange.js(200,20): error TS2339: Property 'to' does not exist on type 'RangeSpec'.
  Property 'to' does not exist on type '{ kind: "duration"; days: number; }'.
js/utils/timeRange.js(200,63): error TS2339: Property 'to' does not exist on type 'RangeSpec'.
  Property 'to' does not exist on type '{ kind: "duration"; days: number; }'.
js/utils/timeRange.js(202,22): error TS2339: Property 'from' does not exist on type 'RangeSpec'.
  Property 'from' does not exist on type '{ kind: "duration"; days: number; }'.
js/utils/timeRange.js(202,72): error TS2339: Property 'from' does not exist on type 'RangeSpec'.
  Property 'from' does not exist on type '{ kind: "duration"; days: number; }'.
js/utils/trie.js(10,5): error TS7008: Member 'command' implicitly has an 'any' type.
js/utils/trie.js(33,12): error TS7053: Element implicitly has an 'any' type because expression of type 'string' can't be used to index type '{}'.
  No index signature with a parameter of type 'string' was found on type '{}'.
js/utils/trie.js(34,9): error TS7053: Element implicitly has an 'any' type because expression of type 'string' can't be used to index type '{}'.
  No index signature with a parameter of type 'string' was found on type '{}'.
js/utils/trie.js(36,14): error TS7053: Element implicitly has an 'any' type because expression of type 'string' can't be used to index type '{}'.
  No index signature with a parameter of type 'string' was found on type '{}'.
js/utils/trie.js(73,12): error TS7053: Element implicitly has an 'any' type because expression of type 'string' can't be used to index type '{}'.
  No index signature with a parameter of type 'string' was found on type '{}'.
js/utils/trie.js(76,14): error TS7053: Element implicitly has an 'any' type because expression of type 'string' can't be used to index type '{}'.
  No index signature with a parameter of type 'string' was found on type '{}'.
js/utils/trie.js(98,12): error TS7053: Element implicitly has an 'any' type because expression of type 'string' can't be used to index type '{}'.
  No index signature with a parameter of type 'string' was found on type '{}'.
js/utils/trie.js(101,14): error TS7053: Element implicitly has an 'any' type because expression of type 'string' can't be used to index type '{}'.
  No index signature with a parameter of type 'string' was found on type '{}'.
js/utils/trie.js(105,11): error TS7034: Variable 'suggestions' implicitly has type 'any[]' in some locations where its type cannot be determined.
js/utils/trie.js(106,45): error TS7005: Variable 'suggestions' implicitly has an 'any[]' type.
js/utils/trie.js(107,12): error TS7005: Variable 'suggestions' implicitly has an 'any[]' type.
js/utils/trie.js(114,20): error TS7006: Parameter 'node' implicitly has an 'any' type.
js/utils/trie.js(114,26): error TS7006: Parameter 'prefix' implicitly has an 'any' type.
js/utils/trie.js(114,34): error TS7006: Parameter 'results' implicitly has an 'any' type.
js/utils/trie.js(114,43): error TS7006: Parameter 'limit' implicitly has an 'any' type.
js/utils/trie.js(146,9): error TS2353: Object literal may only specify known properties, and 'isPartial' does not exist in type '{ valid: boolean; suggestions: string[]; }'.
js/utils/trie.js(154,7): error TS2353: Object literal may only specify known properties, and 'isPartial' does not exist in type '{ valid: boolean; suggestions: string[]; }'.
js/vendor/cursor.js(2,21): error TS2339: Property 'gsap' does not exist on type 'Window & typeof globalThis'.
js/vendor/cursor.js(8,15): error TS7006: Parameter 'start' implicitly has an 'any' type.
js/vendor/cursor.js(8,22): error TS7006: Parameter 'end' implicitly has an 'any' type.
js/vendor/cursor.js(8,27): error TS7006: Parameter 'alpha' implicitly has an 'any' type.
js/vendor/cursor.js(49,32): error TS7006: Parameter 'x' implicitly has an 'any' type.
js/vendor/cursor.js(49,35): error TS7006: Parameter 'y' implicitly has an 'any' type.
js/vendor/cursor.js(66,37): error TS7006: Parameter 'element' implicitly has an 'any' type.
js/vendor/cursor.js(98,30): error TS7006: Parameter 'event' implicitly has an 'any' type.
js/vendor/cursor.js(224,19): error TS2532: Object is possibly 'undefined'.
js/vendor/cursor.js(224,46): error TS2769: No overload matches this call.
  The last overload gave the following error.
    Argument of type 'string | undefined' is not assignable to parameter of type 'string'.
      Type 'undefined' is not assignable to type 'string'.
js/vendor/cursor.js(233,15): error TS7006: Parameter 'event' implicitly has an 'any' type.
js/vendor/cursor.js(234,5): error TS2532: Object is possibly 'undefined'.
js/vendor/cursor.js(235,5): error TS2532: Object is possibly 'undefined'.
js/vendor/cursor.js(236,5): error TS2532: Object is possibly 'undefined'.
js/vendor/cursor.js(240,14): error TS7006: Parameter 'event' implicitly has an 'any' type.
js/vendor/cursor.js(242,7): error TS2532: Object is possibly 'undefined'.
js/vendor/cursor.js(247,5): error TS2532: Object is possibly 'undefined'.
js/vendor/cursor.js(247,29): error TS2345: Argument of type 'string | undefined' is not assignable to parameter of type 'string'.
  Type 'undefined' is not assignable to type 'string'.
js/vendor/cursor.js(248,5): error TS2532: Object is possibly 'undefined'.
js/vendor/cursor.js(248,5): error TS2322: Type 'number | undefined' is not assignable to type 'number'.
  Type 'undefined' is not assignable to type 'number'.
js/vendor/cursor.js(252,5): error TS2532: Object is possibly 'undefined'.
js/vendor/cursor.js(252,32): error TS2345: Argument of type 'string | undefined' is not assignable to parameter of type 'string'.
  Type 'undefined' is not assignable to type 'string'.
js/vendor/cursor.js(253,5): error TS2532: Object is possibly 'undefined'.
js/vendor/cursor.js(257,5): error TS2532: Object is possibly 'undefined'.
js/vendor/cursor.js(258,7): error TS2532: Object is possibly 'undefined'.
js/vendor/cursor.js(259,7): error TS2532: Object is possibly 'undefined'.
js/vendor/cursor.js(262,5): error TS2532: Object is possibly 'undefined'.
js/vendor/cursor.js(263,7): error TS2532: Object is possibly 'undefined'.
js/vendor/cursor.js(264,7): error TS2532: Object is possibly 'undefined'.
js/vendor/cursor.js(267,5): error TS2532: Object is possibly 'undefined'.
js/vendor/cursor.js(268,7): error TS2532: Object is possibly 'undefined'.
js/vendor/cursor.js(269,7): error TS2532: Object is possibly 'undefined'.
js/vendor/cursor.js(272,5): error TS2532: Object is possibly 'undefined'.
js/vendor/cursor.js(273,7): error TS2532: Object is possibly 'undefined'.
js/vendor/cursor.js(274,7): error TS2532: Object is possibly 'undefined'.
js/vendor/cursor.js(280,18): error TS2532: Object is possibly 'undefined'.
js/vendor/cursor.js(281,12): error TS2532: Object is possibly 'undefined'.
js/vendor/cursor.js(282,12): error TS2532: Object is possibly 'undefined'.
js/vendor/cursor.js(286,16): error TS2532: Object is possibly 'undefined'.
js/vendor/cursor.js(290,18): error TS2532: Object is possibly 'undefined'.
js/vendor/cursor.js(291,12): error TS2532: Object is possibly 'undefined'.
js/vendor/cursor.js(292,12): error TS2532: Object is possibly 'undefined'.
js/vendor/cursor.js(296,16): error TS2532: Object is possibly 'undefined'.
js/vendor/cursor.js(312,27): error TS2532: Object is possibly 'undefined'.
js/vendor/cursor.js(312,50): error TS2532: Object is possibly 'undefined'.
js/vendor/cursor.js(317,26): error TS2345: Argument of type 'number | undefined' is not assignable to parameter of type 'number'.
  Type 'undefined' is not assignable to type 'number'.
js/vendor/cursor.js(330,5): error TS2532: Object is possibly 'undefined'.
js/vendor/cursor.js(330,32): error TS2769: No overload matches this call.
  The last overload gave the following error.
    Argument of type 'string | undefined' is not assignable to parameter of type 'string'.
      Type 'undefined' is not assignable to type 'string'.
js/vendor/cursor.js(346,30): error TS2339: Property 'cursor' does not exist on type '{}'.
